
___________________________________________________________________

FROM registry.dev.sbiepay.sbi:8443/spark/sparkrecon:4.0.0_12092025v43

WORKDIR /app
COPY Jar/springboot-spark-stream-csv-0.0.1-SNAPSHOT.jar spark.jar

ENTRYPOINT ["spark-submit"]
CMD ["spark.jar"]
____________________________________

[osuser@bastion ~]$ oc apply -f spark.yaml -n dev-rns
virtualservice.networking.istio.io/sparkutility unchanged
[osuser@bastion ~]$ oc project dev-rns
Already on project "dev-rns" on server "https://api.dev.sbiepay.sbi:6443".
[osuser@bastion ~]$ oc get po
NAME                                     READY   STATUS             RESTARTS            AGE
ops-operationsservice-6cdf7fdc54-zmjgb   2/2     Running            0                   2d22h
refund-refundservice-59955c9988-rdx67    2/2     Running            0                   2d20h
sftp-sftpservice-64549474b9-lxs59        1/2     CrashLoopBackOff   11501 (4m19s ago)   41d
spark-apache-98cb855d9-zwmrx             1/2     CrashLoopBackOff   12 (2m13s ago)      43m
[osuser@bastion ~]$ oc get deployment
NAME                    READY   UP-TO-DATE   AVAILABLE   AGE
ops-operationsservice   1/1     1            1           8d
refund-refundservice    1/1     1            1           154d
sftp-sftpservice        0/1     1            0           50d
spark-apache            0/1     1            0           43m
[osuser@bastion ~]$ oc get vs
Warning: short name "vs" could also match lower priority resource volumesnapshots.snapshot.storage.k8s.io
NAME                    GATEWAYS                           HOSTS              AGE
ops-operationsservice   ["dev-istio-system/dev-gateway"]   ["dev.epay.sbi"]   8d
refund-refundservice    ["dev-istio-system/dev-gateway"]   ["dev.epay.sbi"]   10d
sftp-sftpservice        ["dev-istio-system/dev-gateway"]   ["dev.epay.sbi"]   50d
sparkutility            ["dev-istio-system/dev-gateway"]   ["dev.epay.sbi"]   2d21h

________________________________

WARNING: Using incubator modules: jdk.incubator.vector
26/01/01 08:41:21 WARN NativeCodeLoader: Unable to load native-hadoop library for your platform... using builtin-java classes where applicable
26/01/01 08:41:22 ERROR SpringApplication: Application run failed
java.lang.NoSuchMethodError: org.yaml.snakeyaml.representer.Representer: method 'void <init>()' not found
	at org.springframework.boot.env.OriginTrackedYamlLoader.createYaml(OriginTrackedYamlLoader.java:76)
	at org.springframework.boot.env.OriginTrackedYamlLoader.createYaml(OriginTrackedYamlLoader.java:71)
	at org.springframework.beans.factory.config.YamlProcessor.process(YamlProcessor.java:164)
	at org.springframework.boot.env.OriginTrackedYamlLoader.load(OriginTrackedYamlLoader.java:84)
	at org.springframework.boot.env.YamlPropertySourceLoader.load(YamlPropertySourceLoader.java:50)
	at org.springframework.boot.context.config.StandardConfigDataLoader.load(StandardConfigDataLoader.java:54)
	at org.springframework.boot.context.config.StandardConfigDataLoader.load(StandardConfigDataLoader.java:36)
	at org.springframework.boot.context.config.ConfigDataLoaders.load(ConfigDataLoaders.java:107)
	at org.springframework.boot.context.config.ConfigDataImporter.load(ConfigDataImporter.java:128)
	at org.springframework.boot.context.config.ConfigDataImporter.resolveAndLoad(ConfigDataImporter.java:86)
	at org.springframework.boot.context.config.ConfigDataEnvironmentContributors.withProcessedImports(ConfigDataEnvironmentContributors.java:116)
	at org.springframework.boot.context.config.ConfigDataEnvironment.processInitial(ConfigDataEnvironment.java:240)
	at org.springframework.boot.context.config.ConfigDataEnvironment.processAndApply(ConfigDataEnvironment.java:227)
	at org.springframework.boot.context.config.ConfigDataEnvironmentPostProcessor.postProcessEnvironment(ConfigDataEnvironmentPostProcessor.java:102)
	at org.springframework.boot.context.config.ConfigDataEnvironmentPostProcessor.postProcessEnvironment(ConfigDataEnvironmentPostProcessor.java:94)
	at org.springframework.boot.env.EnvironmentPostProcessorApplicationListener.onApplicationEnvironmentPreparedEvent(EnvironmentPostProcessorApplicationListener.java:102)
	at org.springframework.boot.env.EnvironmentPostProcessorApplicationListener.onApplicationEvent(EnvironmentPostProcessorApplicationListener.java:87)
	at org.springframework.context.event.SimpleApplicationEventMulticaster.doInvokeListener(SimpleApplicationEventMulticaster.java:176)
	at org.springframework.context.event.SimpleApplicationEventMulticaster.invokeListener(SimpleApplicationEventMulticaster.java:169)
	at org.springframework.context.event.SimpleApplicationEventMulticaster.multicastEvent(SimpleApplicationEventMulticaster.java:143)
	at org.springframework.context.event.SimpleApplicationEventMulticaster.multicastEvent(SimpleApplicationEventMulticaster.java:131)
	at org.springframework.boot.context.event.EventPublishingRunListener.environmentPrepared(EventPublishingRunListener.java:85)
	at org.springframework.boot.SpringApplicationRunListeners.lambda$environmentPrepared$2(SpringApplicationRunListeners.java:66)
	at java.base/java.util.ArrayList.forEach(ArrayList.java:1596)
	at org.springframework.boot.SpringApplicationRunListeners.doWithListeners(SpringApplicationRunListeners.java:120)
	at org.springframework.boot.SpringApplicationRunListeners.doWithListeners(SpringApplicationRunListeners.java:114)
	at org.springframework.boot.SpringApplicationRunListeners.environmentPrepared(SpringApplicationRunListeners.java:65)
	at org.springframework.boot.SpringApplication.prepareEnvironment(SpringApplication.java:344)
	at org.springframework.boot.SpringApplication.run(SpringApplication.java:302)
	at org.springframework.boot.SpringApplication.run(SpringApplication.java:1306)
	at org.springframework.boot.SpringApplication.run(SpringApplication.java:1295)
	at com.spark.springboot_spark_stream_csv.SpringbootSparkStreamCsvApplication.main(SpringbootSparkStreamCsvApplication.java:10)
	at java.base/jdk.internal.reflect.NativeMethodAccessorImpl.invoke0(Native Method)
	at java.base/jdk.internal.reflect.NativeMethodAccessorImpl.invoke(NativeMethodAccessorImpl.java:75)
	at java.base/jdk.internal.reflect.DelegatingMethodAccessorImpl.invoke(DelegatingMethodAccessorImpl.java:52)
	at java.base/java.lang.reflect.Method.invoke(Method.java:580)
	at org.springframework.boot.loader.MainMethodRunner.run(MainMethodRunner.java:49)
	at org.springframework.boot.loader.Launcher.launch(Launcher.java:108)
	at org.springframework.boot.loader.Launcher.launch(Launcher.java:58)
	at org.springframework.boot.loader.JarLauncher.main(JarLauncher.java:65)
	at java.base/jdk.internal.reflect.NativeMethodAccessorImpl.invoke0(Native Method)
	at java.base/jdk.internal.reflect.NativeMethodAccessorImpl.invoke(NativeMethodAccessorImpl.java:75)
	at java.base/jdk.internal.reflect.DelegatingMethodAccessorImpl.invoke(DelegatingMethodAccessorImpl.java:52)
	at java.base/java.lang.reflect.Method.invoke(Method.java:580)
	at org.apache.spark.deploy.JavaMainApplication.start(SparkApplication.scala:52)
	at org.apache.spark.deploy.SparkSubmit.org$apache$spark$deploy$SparkSubmit$$runMain(SparkSubmit.scala:1027)
	at org.apache.spark.deploy.SparkSubmit.doRunMain$1(SparkSubmit.scala:204)
	at org.apache.spark.deploy.SparkSubmit.submit(SparkSubmit.scala:227)
	at org.apache.spark.deploy.SparkSubmit.doSubmit(SparkSubmit.scala:96)
	at org.apache.spark.deploy.SparkSubmit$$anon$2.doSubmit(SparkSubmit.scala:1132)
	at org.apache.spark.deploy.SparkSubmit$.main(SparkSubmit.scala:1141)
	at org.apache.spark.deploy.SparkSubmit.main(SparkSubmit.scala)
26/01/01 08:41:22 INFO ShutdownHookManager: Shutdown hook called
26/01/01 08:41:22 INFO ShutdownHookManager: Deleting directory /tmp/spark-354e0291-de3c-4180-b1bb-856471881d22
